Archive member included to satisfy reference by file (symbol)

/Users/dm12408/PhD/Libraries/libopencm3/libopencm3/lib/libopencm3_stm32f0.a(vector.o)
                              (reset_handler)
/usr/local/Cellar/arm-none-eabi/bin/../lib/gcc/arm-none-eabi/5.2.1/../../../../arm-none-eabi/lib/armv6-m/libc.a(lib_a-malloc.o)
                              runtime.o (malloc)
/usr/local/Cellar/arm-none-eabi/bin/../lib/gcc/arm-none-eabi/5.2.1/../../../../arm-none-eabi/lib/armv6-m/libc.a(lib_a-mallocr.o)
                              /usr/local/Cellar/arm-none-eabi/bin/../lib/gcc/arm-none-eabi/5.2.1/../../../../arm-none-eabi/lib/armv6-m/libc.a(lib_a-malloc.o) (_malloc_r)
/usr/local/Cellar/arm-none-eabi/bin/../lib/gcc/arm-none-eabi/5.2.1/../../../../arm-none-eabi/lib/armv6-m/libc.a(lib_a-mlock.o)
                              /usr/local/Cellar/arm-none-eabi/bin/../lib/gcc/arm-none-eabi/5.2.1/../../../../arm-none-eabi/lib/armv6-m/libc.a(lib_a-mallocr.o) (__malloc_lock)
/usr/local/Cellar/arm-none-eabi/bin/../lib/gcc/arm-none-eabi/5.2.1/../../../../arm-none-eabi/lib/armv6-m/libc.a(lib_a-sbrkr.o)
                              /usr/local/Cellar/arm-none-eabi/bin/../lib/gcc/arm-none-eabi/5.2.1/../../../../arm-none-eabi/lib/armv6-m/libc.a(lib_a-mallocr.o) (_sbrk_r)
/usr/local/Cellar/arm-none-eabi/bin/../lib/gcc/arm-none-eabi/5.2.1/../../../../arm-none-eabi/lib/armv6-m/libc.a(lib_a-freer.o)
                              /usr/local/Cellar/arm-none-eabi/bin/../lib/gcc/arm-none-eabi/5.2.1/../../../../arm-none-eabi/lib/armv6-m/libc.a(lib_a-malloc.o) (_free_r)
/usr/local/Cellar/arm-none-eabi/bin/../lib/gcc/arm-none-eabi/5.2.1/../../../../arm-none-eabi/lib/armv6-m/libc.a(lib_a-impure.o)
                              /usr/local/Cellar/arm-none-eabi/bin/../lib/gcc/arm-none-eabi/5.2.1/../../../../arm-none-eabi/lib/armv6-m/libc.a(lib_a-malloc.o) (_impure_ptr)
/usr/local/Cellar/arm-none-eabi/bin/../lib/gcc/arm-none-eabi/5.2.1/../../../../arm-none-eabi/lib/armv6-m/libc.a(lib_a-reent.o)
                              /usr/local/Cellar/arm-none-eabi/bin/../lib/gcc/arm-none-eabi/5.2.1/../../../../arm-none-eabi/lib/armv6-m/libc.a(lib_a-sbrkr.o) (errno)
/usr/local/Cellar/arm-none-eabi/bin/../lib/gcc/arm-none-eabi/5.2.1/../../../../arm-none-eabi/lib/armv6-m/libnosys.a(sbrk.o)
                              /usr/local/Cellar/arm-none-eabi/bin/../lib/gcc/arm-none-eabi/5.2.1/../../../../arm-none-eabi/lib/armv6-m/libc.a(lib_a-sbrkr.o) (_sbrk)

Allocating common symbols
Common symbol       size              file

errno               0x4               /usr/local/Cellar/arm-none-eabi/bin/../lib/gcc/arm-none-eabi/5.2.1/../../../../arm-none-eabi/lib/armv6-m/libc.a(lib_a-reent.o)

Discarded input sections

 .text          0x0000000000000000        0x0 runtime.o
 .data          0x0000000000000000        0x0 runtime.o
 .bss           0x0000000000000000        0x0 runtime.o
 .data          0x0000000000000000        0x0 instruction.o
 .bss           0x0000000000000000        0x0 instruction.o
 .data          0x0000000000000000        0x0 ../../Examples/elmoasmfunctions.o
 .bss           0x0000000000000000        0x0 ../../Examples/elmoasmfunctions.o
 .text          0x0000000000000000        0x0 /Users/dm12408/PhD/Libraries/libopencm3/libopencm3/lib/libopencm3_stm32f0.a(vector.o)
 .data          0x0000000000000000        0x0 /Users/dm12408/PhD/Libraries/libopencm3/libopencm3/lib/libopencm3_stm32f0.a(vector.o)
 .bss           0x0000000000000000        0x0 /Users/dm12408/PhD/Libraries/libopencm3/libopencm3/lib/libopencm3_stm32f0.a(vector.o)
 .text          0x0000000000000000        0x0 /usr/local/Cellar/arm-none-eabi/bin/../lib/gcc/arm-none-eabi/5.2.1/../../../../arm-none-eabi/lib/armv6-m/libc.a(lib_a-malloc.o)
 .data          0x0000000000000000        0x0 /usr/local/Cellar/arm-none-eabi/bin/../lib/gcc/arm-none-eabi/5.2.1/../../../../arm-none-eabi/lib/armv6-m/libc.a(lib_a-malloc.o)
 .bss           0x0000000000000000        0x0 /usr/local/Cellar/arm-none-eabi/bin/../lib/gcc/arm-none-eabi/5.2.1/../../../../arm-none-eabi/lib/armv6-m/libc.a(lib_a-malloc.o)
 .text.free     0x0000000000000000       0x14 /usr/local/Cellar/arm-none-eabi/bin/../lib/gcc/arm-none-eabi/5.2.1/../../../../arm-none-eabi/lib/armv6-m/libc.a(lib_a-malloc.o)
 .text          0x0000000000000000        0x0 /usr/local/Cellar/arm-none-eabi/bin/../lib/gcc/arm-none-eabi/5.2.1/../../../../arm-none-eabi/lib/armv6-m/libc.a(lib_a-mallocr.o)
 .data          0x0000000000000000        0x0 /usr/local/Cellar/arm-none-eabi/bin/../lib/gcc/arm-none-eabi/5.2.1/../../../../arm-none-eabi/lib/armv6-m/libc.a(lib_a-mallocr.o)
 .bss           0x0000000000000000        0x0 /usr/local/Cellar/arm-none-eabi/bin/../lib/gcc/arm-none-eabi/5.2.1/../../../../arm-none-eabi/lib/armv6-m/libc.a(lib_a-mallocr.o)
 .text          0x0000000000000000        0x0 /usr/local/Cellar/arm-none-eabi/bin/../lib/gcc/arm-none-eabi/5.2.1/../../../../arm-none-eabi/lib/armv6-m/libc.a(lib_a-mlock.o)
 .data          0x0000000000000000        0x0 /usr/local/Cellar/arm-none-eabi/bin/../lib/gcc/arm-none-eabi/5.2.1/../../../../arm-none-eabi/lib/armv6-m/libc.a(lib_a-mlock.o)
 .bss           0x0000000000000000        0x0 /usr/local/Cellar/arm-none-eabi/bin/../lib/gcc/arm-none-eabi/5.2.1/../../../../arm-none-eabi/lib/armv6-m/libc.a(lib_a-mlock.o)
 .text          0x0000000000000000        0x0 /usr/local/Cellar/arm-none-eabi/bin/../lib/gcc/arm-none-eabi/5.2.1/../../../../arm-none-eabi/lib/armv6-m/libc.a(lib_a-sbrkr.o)
 .data          0x0000000000000000        0x0 /usr/local/Cellar/arm-none-eabi/bin/../lib/gcc/arm-none-eabi/5.2.1/../../../../arm-none-eabi/lib/armv6-m/libc.a(lib_a-sbrkr.o)
 .bss           0x0000000000000000        0x0 /usr/local/Cellar/arm-none-eabi/bin/../lib/gcc/arm-none-eabi/5.2.1/../../../../arm-none-eabi/lib/armv6-m/libc.a(lib_a-sbrkr.o)
 .text          0x0000000000000000        0x0 /usr/local/Cellar/arm-none-eabi/bin/../lib/gcc/arm-none-eabi/5.2.1/../../../../arm-none-eabi/lib/armv6-m/libc.a(lib_a-freer.o)
 .data          0x0000000000000000        0x0 /usr/local/Cellar/arm-none-eabi/bin/../lib/gcc/arm-none-eabi/5.2.1/../../../../arm-none-eabi/lib/armv6-m/libc.a(lib_a-freer.o)
 .bss           0x0000000000000000        0x0 /usr/local/Cellar/arm-none-eabi/bin/../lib/gcc/arm-none-eabi/5.2.1/../../../../arm-none-eabi/lib/armv6-m/libc.a(lib_a-freer.o)
 .text          0x0000000000000000        0x0 /usr/local/Cellar/arm-none-eabi/bin/../lib/gcc/arm-none-eabi/5.2.1/../../../../arm-none-eabi/lib/armv6-m/libc.a(lib_a-impure.o)
 .data          0x0000000000000000        0x0 /usr/local/Cellar/arm-none-eabi/bin/../lib/gcc/arm-none-eabi/5.2.1/../../../../arm-none-eabi/lib/armv6-m/libc.a(lib_a-impure.o)
 .bss           0x0000000000000000        0x0 /usr/local/Cellar/arm-none-eabi/bin/../lib/gcc/arm-none-eabi/5.2.1/../../../../arm-none-eabi/lib/armv6-m/libc.a(lib_a-impure.o)
 .rodata._global_impure_ptr
                0x0000000000000000        0x4 /usr/local/Cellar/arm-none-eabi/bin/../lib/gcc/arm-none-eabi/5.2.1/../../../../arm-none-eabi/lib/armv6-m/libc.a(lib_a-impure.o)
 .text          0x0000000000000000        0x0 /usr/local/Cellar/arm-none-eabi/bin/../lib/gcc/arm-none-eabi/5.2.1/../../../../arm-none-eabi/lib/armv6-m/libc.a(lib_a-reent.o)
 .data          0x0000000000000000        0x0 /usr/local/Cellar/arm-none-eabi/bin/../lib/gcc/arm-none-eabi/5.2.1/../../../../arm-none-eabi/lib/armv6-m/libc.a(lib_a-reent.o)
 .bss           0x0000000000000000        0x0 /usr/local/Cellar/arm-none-eabi/bin/../lib/gcc/arm-none-eabi/5.2.1/../../../../arm-none-eabi/lib/armv6-m/libc.a(lib_a-reent.o)
 .text.cleanup_glue
                0x0000000000000000       0x1c /usr/local/Cellar/arm-none-eabi/bin/../lib/gcc/arm-none-eabi/5.2.1/../../../../arm-none-eabi/lib/armv6-m/libc.a(lib_a-reent.o)
 .text._reclaim_reent
                0x0000000000000000       0x94 /usr/local/Cellar/arm-none-eabi/bin/../lib/gcc/arm-none-eabi/5.2.1/../../../../arm-none-eabi/lib/armv6-m/libc.a(lib_a-reent.o)
 .text          0x0000000000000000        0x0 /usr/local/Cellar/arm-none-eabi/bin/../lib/gcc/arm-none-eabi/5.2.1/../../../../arm-none-eabi/lib/armv6-m/libnosys.a(sbrk.o)
 .data          0x0000000000000000        0x0 /usr/local/Cellar/arm-none-eabi/bin/../lib/gcc/arm-none-eabi/5.2.1/../../../../arm-none-eabi/lib/armv6-m/libnosys.a(sbrk.o)
 .bss           0x0000000000000000        0x0 /usr/local/Cellar/arm-none-eabi/bin/../lib/gcc/arm-none-eabi/5.2.1/../../../../arm-none-eabi/lib/armv6-m/libnosys.a(sbrk.o)

Memory Configuration

Name             Origin             Length             Attributes
rom              0x0000000008000000 0x0000000000010000 xr
ram              0x0000000020000000 0x0000000000002000 xrw
*default*        0x0000000000000000 0xffffffffffffffff

Linker script and memory map

LOAD runtime.o
LOAD instruction.o
LOAD ../../Examples/elmoasmfunctions.o
LOAD /Users/dm12408/PhD/Libraries/libopencm3/libopencm3/lib/libopencm3_stm32f0.a
START GROUP
LOAD /usr/local/Cellar/arm-none-eabi/bin/../lib/gcc/arm-none-eabi/5.2.1/../../../../arm-none-eabi/lib/armv6-m/libc.a
LOAD /usr/local/Cellar/arm-none-eabi/bin/../lib/gcc/arm-none-eabi/5.2.1/armv6-m/libgcc.a
LOAD /usr/local/Cellar/arm-none-eabi/bin/../lib/gcc/arm-none-eabi/5.2.1/../../../../arm-none-eabi/lib/armv6-m/libnosys.a
END GROUP
START GROUP
LOAD /usr/local/Cellar/arm-none-eabi/bin/../lib/gcc/arm-none-eabi/5.2.1/armv6-m/libgcc.a
LOAD /usr/local/Cellar/arm-none-eabi/bin/../lib/gcc/arm-none-eabi/5.2.1/../../../../arm-none-eabi/lib/armv6-m/libc.a
END GROUP

.text           0x0000000008000000      0xcc8
 *(.vectors)
 .vectors       0x0000000008000000       0xc0 /Users/dm12408/PhD/Libraries/libopencm3/libopencm3/lib/libopencm3_stm32f0.a(vector.o)
                0x0000000008000000                vector_table
 *(.text*)
 .text.startup.main
                0x00000000080000c0      0x2c0 runtime.o
                0x00000000080000c0                main
 .text          0x0000000008000380        0xa instruction.o
                0x0000000008000380                instructions
 .text          0x000000000800038a       0xa4 ../../Examples/elmoasmfunctions.o
                0x000000000800038a                starttrigger
                0x000000000800039c                endtrigger
                0x00000000080003ae                readdata
                0x00000000080003bc                randdata
                0x00000000080003ce                printhex
                0x00000000080003dc                endprogram
                0x00000000080003ea                initialisekeyflow
                0x00000000080003fa                resetkeyflow
                0x000000000800040c                setmaskdataflowstart
                0x000000000800041c                resetdatafile
 .text.blocking_handler
                0x000000000800042e        0x2 /Users/dm12408/PhD/Libraries/libopencm3/libopencm3/lib/libopencm3_stm32f0.a(vector.o)
                0x000000000800042e                exti0_1_isr
                0x000000000800042e                tim7_isr
                0x000000000800042e                blocking_handler
                0x000000000800042e                tsc_isr
                0x000000000800042e                spi1_isr
                0x000000000800042e                i2c1_isr
                0x000000000800042e                tim17_isr
                0x000000000800042e                i2c2_isr
                0x000000000800042e                usart1_isr
                0x000000000800042e                usart3_4_isr
                0x000000000800042e                tim1_cc_isr
                0x000000000800042e                exti2_3_isr
                0x000000000800042e                tim16_isr
                0x000000000800042e                pvd_isr
                0x000000000800042e                rcc_isr
                0x000000000800042e                flash_isr
                0x000000000800042e                hard_fault_handler
                0x000000000800042e                tim14_isr
                0x000000000800042e                spi2_isr
                0x000000000800042e                usb_isr
                0x000000000800042e                tim15_isr
                0x000000000800042e                tim3_isr
                0x000000000800042e                usart2_isr
                0x000000000800042e                adc_comp_isr
                0x000000000800042e                dma1_channel1_isr
                0x000000000800042e                tim6_dac_isr
                0x000000000800042e                tim1_brk_up_trg_com_isr
                0x000000000800042e                dma1_channel2_3_isr
                0x000000000800042e                exti4_15_isr
                0x000000000800042e                cec_can_isr
                0x000000000800042e                wwdg_isr
                0x000000000800042e                tim2_isr
                0x000000000800042e                dma1_channel4_5_isr
                0x000000000800042e                rtc_isr
 .text.null_handler
                0x0000000008000430        0x2 /Users/dm12408/PhD/Libraries/libopencm3/libopencm3/lib/libopencm3_stm32f0.a(vector.o)
                0x0000000008000430                null_handler
                0x0000000008000430                sv_call_handler
                0x0000000008000430                pend_sv_handler
                0x0000000008000430                sys_tick_handler
                0x0000000008000430                nmi_handler
 *fill*         0x0000000008000432        0x2 
 .text.reset_handler
                0x0000000008000434       0x7c /Users/dm12408/PhD/Libraries/libopencm3/libopencm3/lib/libopencm3_stm32f0.a(vector.o)
                0x0000000008000434                reset_handler
 .text.malloc   0x00000000080004b0       0x14 /usr/local/Cellar/arm-none-eabi/bin/../lib/gcc/arm-none-eabi/5.2.1/../../../../arm-none-eabi/lib/armv6-m/libc.a(lib_a-malloc.o)
                0x00000000080004b0                malloc
 .text._malloc_r
                0x00000000080004c4      0x554 /usr/local/Cellar/arm-none-eabi/bin/../lib/gcc/arm-none-eabi/5.2.1/../../../../arm-none-eabi/lib/armv6-m/libc.a(lib_a-mallocr.o)
                0x00000000080004c4                _malloc_r
 .text.__malloc_lock
                0x0000000008000a18        0x4 /usr/local/Cellar/arm-none-eabi/bin/../lib/gcc/arm-none-eabi/5.2.1/../../../../arm-none-eabi/lib/armv6-m/libc.a(lib_a-mlock.o)
                0x0000000008000a18                __malloc_lock
 .text.__malloc_unlock
                0x0000000008000a1c        0x4 /usr/local/Cellar/arm-none-eabi/bin/../lib/gcc/arm-none-eabi/5.2.1/../../../../arm-none-eabi/lib/armv6-m/libc.a(lib_a-mlock.o)
                0x0000000008000a1c                __malloc_unlock
 .text._sbrk_r  0x0000000008000a20       0x24 /usr/local/Cellar/arm-none-eabi/bin/../lib/gcc/arm-none-eabi/5.2.1/../../../../arm-none-eabi/lib/armv6-m/libc.a(lib_a-sbrkr.o)
                0x0000000008000a20                _sbrk_r
 .text._malloc_trim_r
                0x0000000008000a44       0xa0 /usr/local/Cellar/arm-none-eabi/bin/../lib/gcc/arm-none-eabi/5.2.1/../../../../arm-none-eabi/lib/armv6-m/libc.a(lib_a-freer.o)
                0x0000000008000a44                _malloc_trim_r
 .text._free_r  0x0000000008000ae4      0x1c4 /usr/local/Cellar/arm-none-eabi/bin/../lib/gcc/arm-none-eabi/5.2.1/../../../../arm-none-eabi/lib/armv6-m/libc.a(lib_a-freer.o)
                0x0000000008000ae4                _free_r
 .text._sbrk    0x0000000008000ca8       0x1c /usr/local/Cellar/arm-none-eabi/bin/../lib/gcc/arm-none-eabi/5.2.1/../../../../arm-none-eabi/lib/armv6-m/libnosys.a(sbrk.o)
                0x0000000008000ca8                _sbrk
                0x0000000008000cc4                . = ALIGN (0x4)
 *(.rodata*)
 .rodata.str1.4
                0x0000000008000cc4        0x4 /usr/local/Cellar/arm-none-eabi/bin/../lib/gcc/arm-none-eabi/5.2.1/../../../../arm-none-eabi/lib/armv6-m/libc.a(lib_a-impure.o)
                                          0x2 (size before relaxing)
                0x0000000008000cc8                . = ALIGN (0x4)

.glue_7         0x0000000008000cc8        0x0
 .glue_7        0x0000000008000cc8        0x0 linker stubs

.glue_7t        0x0000000008000cc8        0x0
 .glue_7t       0x0000000008000cc8        0x0 linker stubs

.vfp11_veneer   0x0000000008000cc8        0x0
 .vfp11_veneer  0x0000000008000cc8        0x0 linker stubs

.v4_bx          0x0000000008000cc8        0x0
 .v4_bx         0x0000000008000cc8        0x0 linker stubs

.iplt           0x0000000008000cc8        0x0
 .iplt          0x0000000008000cc8        0x0 runtime.o

.rel.dyn        0x0000000008000cc8        0x0
 .rel.iplt      0x0000000008000cc8        0x0 runtime.o

.preinit_array  0x0000000008000cc8        0x0
                0x0000000008000cc8                . = ALIGN (0x4)
                0x0000000008000cc8                __preinit_array_start = .
 *(.preinit_array)
                0x0000000008000cc8                __preinit_array_end = .

.init_array     0x0000000008000cc8        0x0
                0x0000000008000cc8                . = ALIGN (0x4)
                0x0000000008000cc8                __init_array_start = .
 *(SORT(.init_array.*))
 *(.init_array)
                0x0000000008000cc8                __init_array_end = .

.fini_array     0x0000000008000cc8        0x0
                0x0000000008000cc8                . = ALIGN (0x4)
                0x0000000008000cc8                __fini_array_start = .
 *(.fini_array)
 *(SORT(.fini_array.*))
                0x0000000008000cc8                __fini_array_end = .

.ARM.extab
 *(.ARM.extab*)

.ARM.exidx      0x0000000008000cc8        0x0
                0x0000000008000cc8                __exidx_start = .
 *(.ARM.exidx*)
                0x0000000008000cc8                __exidx_end = .
                0x0000000008000cc8                . = ALIGN (0x4)
                0x0000000008000cc8                _etext = .

.data           0x0000000020000000      0x8cc load address 0x0000000008000cc8
                0x0000000020000000                _data = .
 *(.data*)
 .data.instructiongroup
                0x0000000020000000        0x5 runtime.o
                0x0000000020000000                instructiongroup
 .data.instruction1
                0x0000000020000005       0x2e runtime.o
                0x0000000020000005                instruction1
 .data.instruction2
                0x0000000020000033       0x2e runtime.o
                0x0000000020000033                instruction2
 .data.instruction3
                0x0000000020000061       0x2e runtime.o
                0x0000000020000061                instruction3
 *fill*         0x000000002000008f        0x1 
 .data.__malloc_av_
                0x0000000020000090      0x408 /usr/local/Cellar/arm-none-eabi/bin/../lib/gcc/arm-none-eabi/5.2.1/../../../../arm-none-eabi/lib/armv6-m/libc.a(lib_a-mallocr.o)
                0x0000000020000090                __malloc_av_
 .data.__malloc_trim_threshold
                0x0000000020000498        0x4 /usr/local/Cellar/arm-none-eabi/bin/../lib/gcc/arm-none-eabi/5.2.1/../../../../arm-none-eabi/lib/armv6-m/libc.a(lib_a-mallocr.o)
                0x0000000020000498                __malloc_trim_threshold
 .data.__malloc_sbrk_base
                0x000000002000049c        0x4 /usr/local/Cellar/arm-none-eabi/bin/../lib/gcc/arm-none-eabi/5.2.1/../../../../arm-none-eabi/lib/armv6-m/libc.a(lib_a-mallocr.o)
                0x000000002000049c                __malloc_sbrk_base
 .data.impure_data
                0x00000000200004a0      0x428 /usr/local/Cellar/arm-none-eabi/bin/../lib/gcc/arm-none-eabi/5.2.1/../../../../arm-none-eabi/lib/armv6-m/libc.a(lib_a-impure.o)
 .data._impure_ptr
                0x00000000200008c8        0x4 /usr/local/Cellar/arm-none-eabi/bin/../lib/gcc/arm-none-eabi/5.2.1/../../../../arm-none-eabi/lib/armv6-m/libc.a(lib_a-impure.o)
                0x00000000200008c8                _impure_ptr
                0x00000000200008cc                . = ALIGN (0x4)
                0x00000000200008cc                _edata = .
                0x0000000008000cc8                _data_loadaddr = LOADADDR (.data)

.igot.plt       0x00000000200008cc        0x0 load address 0x0000000008001594
 .igot.plt      0x00000000200008cc        0x0 runtime.o

.bss            0x00000000200008cc       0x48 load address 0x0000000008001594
 *(.bss*)
 .bss.address1  0x00000000200008cc        0x4 runtime.o
                0x00000000200008cc                address1
 .bss.address2  0x00000000200008d0        0x4 runtime.o
                0x00000000200008d0                address2
 .bss.address3  0x00000000200008d4        0x4 runtime.o
                0x00000000200008d4                address3
 .bss.__malloc_max_total_mem
                0x00000000200008d8        0x4 /usr/local/Cellar/arm-none-eabi/bin/../lib/gcc/arm-none-eabi/5.2.1/../../../../arm-none-eabi/lib/armv6-m/libc.a(lib_a-mallocr.o)
                0x00000000200008d8                __malloc_max_total_mem
 .bss.__malloc_max_sbrked_mem
                0x00000000200008dc        0x4 /usr/local/Cellar/arm-none-eabi/bin/../lib/gcc/arm-none-eabi/5.2.1/../../../../arm-none-eabi/lib/armv6-m/libc.a(lib_a-mallocr.o)
                0x00000000200008dc                __malloc_max_sbrked_mem
 .bss.__malloc_top_pad
                0x00000000200008e0        0x4 /usr/local/Cellar/arm-none-eabi/bin/../lib/gcc/arm-none-eabi/5.2.1/../../../../arm-none-eabi/lib/armv6-m/libc.a(lib_a-mallocr.o)
                0x00000000200008e0                __malloc_top_pad
 .bss.__malloc_current_mallinfo
                0x00000000200008e4       0x28 /usr/local/Cellar/arm-none-eabi/bin/../lib/gcc/arm-none-eabi/5.2.1/../../../../arm-none-eabi/lib/armv6-m/libc.a(lib_a-mallocr.o)
                0x00000000200008e4                __malloc_current_mallinfo
 .bss.heap_end.4167
                0x000000002000090c        0x4 /usr/local/Cellar/arm-none-eabi/bin/../lib/gcc/arm-none-eabi/5.2.1/../../../../arm-none-eabi/lib/armv6-m/libnosys.a(sbrk.o)
 *(COMMON)
 COMMON         0x0000000020000910        0x4 /usr/local/Cellar/arm-none-eabi/bin/../lib/gcc/arm-none-eabi/5.2.1/../../../../arm-none-eabi/lib/armv6-m/libc.a(lib_a-reent.o)
                0x0000000020000910                errno
                0x0000000020000914                . = ALIGN (0x4)
                0x0000000020000914                _ebss = .

/DISCARD/
 *(.eh_frame)
                0x0000000020000914                . = ALIGN (0x4)
                0x0000000020000914                end = .
                0x0000000020002000                PROVIDE (_stack, (ORIGIN (ram) + LENGTH (ram)))
OUTPUT(runtime.elf elf32-littlearm)

.debug_info     0x0000000000000000      0x5ac
 .debug_info    0x0000000000000000      0x2db runtime.o
 .debug_info    0x00000000000002db      0x2d1 /Users/dm12408/PhD/Libraries/libopencm3/libopencm3/lib/libopencm3_stm32f0.a(vector.o)

.debug_abbrev   0x0000000000000000      0x227
 .debug_abbrev  0x0000000000000000       0xfd runtime.o
 .debug_abbrev  0x00000000000000fd      0x12a /Users/dm12408/PhD/Libraries/libopencm3/libopencm3/lib/libopencm3_stm32f0.a(vector.o)

.debug_loc      0x0000000000000000      0x2ef
 .debug_loc     0x0000000000000000      0x201 runtime.o
 .debug_loc     0x0000000000000201       0xee /Users/dm12408/PhD/Libraries/libopencm3/libopencm3/lib/libopencm3_stm32f0.a(vector.o)

.debug_aranges  0x0000000000000000       0x50
 .debug_aranges
                0x0000000000000000       0x20 runtime.o
 .debug_aranges
                0x0000000000000020       0x30 /Users/dm12408/PhD/Libraries/libopencm3/libopencm3/lib/libopencm3_stm32f0.a(vector.o)

.debug_ranges   0x0000000000000000       0x30
 .debug_ranges  0x0000000000000000       0x10 runtime.o
 .debug_ranges  0x0000000000000010       0x20 /Users/dm12408/PhD/Libraries/libopencm3/libopencm3/lib/libopencm3_stm32f0.a(vector.o)

.debug_line     0x0000000000000000      0x211
 .debug_line    0x0000000000000000      0x118 runtime.o
 .debug_line    0x0000000000000118       0xf9 /Users/dm12408/PhD/Libraries/libopencm3/libopencm3/lib/libopencm3_stm32f0.a(vector.o)

.debug_str      0x0000000000000000      0x422
 .debug_str     0x0000000000000000      0x1f6 runtime.o
                                        0x23a (size before relaxing)
 .debug_str     0x00000000000001f6      0x22c /Users/dm12408/PhD/Libraries/libopencm3/libopencm3/lib/libopencm3_stm32f0.a(vector.o)
                                        0x2be (size before relaxing)

.comment        0x0000000000000000       0xde
 .comment       0x0000000000000000       0x6e runtime.o
                                         0x6f (size before relaxing)
 .comment       0x000000000000006e       0x70 /Users/dm12408/PhD/Libraries/libopencm3/libopencm3/lib/libopencm3_stm32f0.a(vector.o)
                                         0x71 (size before relaxing)

.ARM.attributes
                0x0000000000000000       0x2d
 .ARM.attributes
                0x0000000000000000       0x31 runtime.o
 .ARM.attributes
                0x0000000000000031       0x14 instruction.o
 .ARM.attributes
                0x0000000000000045       0x14 ../../Examples/elmoasmfunctions.o
 .ARM.attributes
                0x0000000000000059       0x31 /Users/dm12408/PhD/Libraries/libopencm3/libopencm3/lib/libopencm3_stm32f0.a(vector.o)
 .ARM.attributes
                0x000000000000008a       0x2c /usr/local/Cellar/arm-none-eabi/bin/../lib/gcc/arm-none-eabi/5.2.1/../../../../arm-none-eabi/lib/armv6-m/libc.a(lib_a-malloc.o)
 .ARM.attributes
                0x00000000000000b6       0x2c /usr/local/Cellar/arm-none-eabi/bin/../lib/gcc/arm-none-eabi/5.2.1/../../../../arm-none-eabi/lib/armv6-m/libc.a(lib_a-mallocr.o)
 .ARM.attributes
                0x00000000000000e2       0x2c /usr/local/Cellar/arm-none-eabi/bin/../lib/gcc/arm-none-eabi/5.2.1/../../../../arm-none-eabi/lib/armv6-m/libc.a(lib_a-mlock.o)
 .ARM.attributes
                0x000000000000010e       0x2c /usr/local/Cellar/arm-none-eabi/bin/../lib/gcc/arm-none-eabi/5.2.1/../../../../arm-none-eabi/lib/armv6-m/libc.a(lib_a-sbrkr.o)
 .ARM.attributes
                0x000000000000013a       0x2c /usr/local/Cellar/arm-none-eabi/bin/../lib/gcc/arm-none-eabi/5.2.1/../../../../arm-none-eabi/lib/armv6-m/libc.a(lib_a-freer.o)
 .ARM.attributes
                0x0000000000000166       0x2c /usr/local/Cellar/arm-none-eabi/bin/../lib/gcc/arm-none-eabi/5.2.1/../../../../arm-none-eabi/lib/armv6-m/libc.a(lib_a-impure.o)
 .ARM.attributes
                0x0000000000000192       0x2c /usr/local/Cellar/arm-none-eabi/bin/../lib/gcc/arm-none-eabi/5.2.1/../../../../arm-none-eabi/lib/armv6-m/libc.a(lib_a-reent.o)
 .ARM.attributes
                0x00000000000001be       0x2c /usr/local/Cellar/arm-none-eabi/bin/../lib/gcc/arm-none-eabi/5.2.1/../../../../arm-none-eabi/lib/armv6-m/libnosys.a(sbrk.o)

.debug_frame    0x0000000000000000      0x204
 .debug_frame   0x0000000000000000       0x30 runtime.o
 .debug_frame   0x0000000000000030       0x40 /Users/dm12408/PhD/Libraries/libopencm3/libopencm3/lib/libopencm3_stm32f0.a(vector.o)
 .debug_frame   0x0000000000000070       0x40 /usr/local/Cellar/arm-none-eabi/bin/../lib/gcc/arm-none-eabi/5.2.1/../../../../arm-none-eabi/lib/armv6-m/libc.a(lib_a-malloc.o)
 .debug_frame   0x00000000000000b0       0x3c /usr/local/Cellar/arm-none-eabi/bin/../lib/gcc/arm-none-eabi/5.2.1/../../../../arm-none-eabi/lib/armv6-m/libc.a(lib_a-mallocr.o)
 .debug_frame   0x00000000000000ec       0x30 /usr/local/Cellar/arm-none-eabi/bin/../lib/gcc/arm-none-eabi/5.2.1/../../../../arm-none-eabi/lib/armv6-m/libc.a(lib_a-mlock.o)
 .debug_frame   0x000000000000011c       0x2c /usr/local/Cellar/arm-none-eabi/bin/../lib/gcc/arm-none-eabi/5.2.1/../../../../arm-none-eabi/lib/armv6-m/libc.a(lib_a-sbrkr.o)
 .debug_frame   0x0000000000000148       0x54 /usr/local/Cellar/arm-none-eabi/bin/../lib/gcc/arm-none-eabi/5.2.1/../../../../arm-none-eabi/lib/armv6-m/libc.a(lib_a-freer.o)
 .debug_frame   0x000000000000019c       0x48 /usr/local/Cellar/arm-none-eabi/bin/../lib/gcc/arm-none-eabi/5.2.1/../../../../arm-none-eabi/lib/armv6-m/libc.a(lib_a-reent.o)
 .debug_frame   0x00000000000001e4       0x20 /usr/local/Cellar/arm-none-eabi/bin/../lib/gcc/arm-none-eabi/5.2.1/../../../../arm-none-eabi/lib/armv6-m/libnosys.a(sbrk.o)
